
> modernize@0.0.0 build
> ng build --base-href /web/

